//  lnmp

Using username "root".
Last login: Fri Feb 24 20:50:29 2017
[root@Cent65mini ~]# ifconfig
eth0      Link encap:Ethernet  HWaddr 00:0C:29:87:D9:65
          inet addr:192.168.1.30  Bcast:192.168.1.255  Mask:255.255.255.0
          inet6 addr: fe80::20c:29ff:fe87:d965/64 Scope:Link
          UP BROADCAST RUNNING MULTICAST  MTU:1500  Metric:1
          RX packets:281 errors:0 dropped:0 overruns:0 frame:0
          TX packets:180 errors:0 dropped:0 overruns:0 carrier:0
          collisions:0 txqueuelen:1000
          RX bytes:32987 (32.2 KiB)  TX bytes:51918 (50.7 KiB)
          Interrupt:19 Base address:0x2000

lo        Link encap:Local Loopback
          inet addr:127.0.0.1  Mask:255.0.0.0
          inet6 addr: ::1/128 Scope:Host
          UP LOOPBACK RUNNING  MTU:16436  Metric:1
          RX packets:0 errors:0 dropped:0 overruns:0 frame:0
          TX packets:0 errors:0 dropped:0 overruns:0 carrier:0
          collisions:0 txqueuelen:0
          RX bytes:0 (0.0 b)  TX bytes:0 (0.0 b)

[root@Cent65mini ~]# ping www.baidu.com
ping: unknown host www.baidu.com
[root@Cent65mini ~]# ping 192.168.1.1
PING 192.168.1.1 (192.168.1.1) 56(84) bytes of data.
64 bytes from 192.168.1.1: icmp_seq=1 ttl=64 time=0.736 ms
64 bytes from 192.168.1.1: icmp_seq=2 ttl=64 time=1.23 ms
^C
--- 192.168.1.1 ping statistics ---
2 packets transmitted, 2 received, 0% packet loss, time 1438ms
rtt min/avg/max/mdev = 0.736/0.986/1.236/0.250 ms
[root@Cent65mini ~]# /etc/init.d/network restart
Shutting down interface eth0:  ERROR    : [ipv6_test_device_status] Missing para            meter 'device' (arg 1)
                                                           [  OK  ]
Shutting down loopback interface:                          [  OK  ]
Bringing up loopback interface:                            [  OK  ]
Bringing up interface eth0:  Device does not seem to be present, delaying initia            lization.
                                                           [FAILED]
[root@Cent65mini ~]# ping 192.168.1.1
PING 192.168.1.1 (192.168.1.1) 56(84) bytes of data.
64 bytes from 192.168.1.1: icmp_seq=1 ttl=64 time=5.55 ms
64 bytes from 192.168.1.1: icmp_seq=2 ttl=64 time=0.785 ms
64 bytes from 192.168.1.1: icmp_seq=3 ttl=64 time=1.05 ms
^C
--- 192.168.1.1 ping statistics ---
3 packets transmitted, 3 received, 0% packet loss, time 2714ms
rtt min/avg/max/mdev = 0.785/2.466/5.556/2.188 ms
[root@Cent65mini ~]# ping www.baidu.com
ping: unknown host www.baidu.com
[root@Cent65mini ~]# /etc/init.d/network restart
Shutting down interface eth0:  ERROR    : [ipv6_test_device_status] Missing para            meter 'device' (arg 1)
                                                           [  OK  ]
Shutting down loopback interface:                          [  OK  ]
Bringing up loopback interface:                            [  OK  ]
Bringing up interface eth0:  Device does not seem to be present, delaying initia            lization.
                                                           [FAILED]
[root@Cent65mini ~]# ping www.baidu.com
ping: unknown host www.baidu.com
[root@Cent65mini ~]# /etc/init.d/network restart
Shutting down interface eth0:  ERROR    : [ipv6_test_device_status] Missing para            meter 'device' (arg 1)
                                                           [  OK  ]
Shutting down loopback interface:                          [  OK  ]
Bringing up loopback interface:                            [  OK  ]
Bringing up interface eth0:  Device does not seem to be present, delaying initia            lization.
                                                           [FAILED]
[root@Cent65mini ~]# ping www.baidu.com
ping: unknown host www.baidu.com
[root@Cent65mini ~]# ping 192.168.1.1
PING 192.168.1.1 (192.168.1.1) 56(84) bytes of data.
64 bytes from 192.168.1.1: icmp_seq=1 ttl=64 time=2.37 ms
64 bytes from 192.168.1.1: icmp_seq=2 ttl=64 time=0.823 ms
64 bytes from 192.168.1.1: icmp_seq=3 ttl=64 time=1.43 ms
^C
--- 192.168.1.1 ping statistics ---
3 packets transmitted, 3 received, 0% packet loss, time 2060ms
rtt min/avg/max/mdev = 0.823/1.543/2.370/0.636 ms
[root@Cent65mini ~]# /etc/init.d/network restart
Shutting down interface eth0:  ERROR    : [ipv6_test_device_status] Missing para            meter 'device' (arg 1)
                                                           [  OK  ]
Shutting down loopback interface:                          [  OK  ]
Bringing up loopback interface:                            [  OK  ]
Bringing up interface eth0:  Device does not seem to be present, delaying initia            lization.
                                                           [FAILED]
[root@Cent65mini ~]# /etc/init.d/network restart
Shutting down interface eth0:  ERROR    : [ipv6_test_device_status] Missing para            meter 'device' (arg 1)
                                                           [  OK  ]
Shutting down loopback interface:                          [  OK  ]
Bringing up loopback interface:                            [  OK  ]
Bringing up interface eth0:  Device does not seem to be present, delaying initia            lization.
                                                           [FAILED]
[root@Cent65mini ~]# ping www.baidu.com
ping: unknown host www.baidu.com
[root@Cent65mini ~]# ifconfig eth0 192.168.1.30 network 255.255.255.0
network: Host name lookup failure
ifconfig: `--help' gives usage information.
[root@Cent65mini ~]# ping www.baidu.com
ping: unknown host www.baidu.com
[root@Cent65mini ~]# ping 192.168.1.1
PING 192.168.1.1 (192.168.1.1) 56(84) bytes of data.
64 bytes from 192.168.1.1: icmp_seq=1 ttl=64 time=3.23 ms
64 bytes from 192.168.1.1: icmp_seq=2 ttl=64 time=0.850 ms
64 bytes from 192.168.1.1: icmp_seq=3 ttl=64 time=1.64 ms
^C
--- 192.168.1.1 ping statistics ---
3 packets transmitted, 3 received, 0% packet loss, time 2478ms
rtt min/avg/max/mdev = 0.850/1.910/3.232/0.990 ms
[root@Cent65mini ~]# /etc/init.d/network restart
Shutting down interface eth0:  ERROR    : [ipv6_test_device_status] Missing para            meter 'device' (arg 1)
                                                           [  OK  ]
Shutting down loopback interface:                          [  OK  ]
Bringing up loopback interface:                            [  OK  ]
Bringing up interface eth0:  Device does not seem to be present, delaying initia            lization.
                                                           [FAILED]
[root@Cent65mini ~]# ping www.baidu.com
ping: unknown host www.baidu.com
[root@Cent65mini ~]# /etc/init.d/network restart
Shutting down interface eth0:                              [  OK  ]
Shutting down loopback interface:                          [  OK  ]
Bringing up loopback interface:                            [  OK  ]
Bringing up interface eth0:  Determining if ip address 192.168.1.30 is already i            n use for device eth0...
                                                           [  OK  ]
[root@Cent65mini ~]# ping www.baidu.com
PING www.a.shifen.com (183.232.231.172) 56(84) bytes of data.
64 bytes from 183.232.231.172: icmp_seq=1 ttl=54 time=44.8 ms
64 bytes from 183.232.231.172: icmp_seq=2 ttl=54 time=33.1 ms
^C
--- www.a.shifen.com ping statistics ---
2 packets transmitted, 2 received, 0% packet loss, time 1712ms
rtt min/avg/max/mdev = 33.170/38.990/44.810/5.820 ms
[root@Cent65mini ~]# screen -S lnmp
-bash: screen: command not found
[root@Cent65mini ~]# yum install screen
Loaded plugins: fastestmirror
base                                                     | 3.7 kB     00:00
base/primary_db                                          | 3.7 MB     00:02
extras                                                   | 3.3 kB     00:00
extras/primary_db                                        |  30 kB     00:00
http://ftp.sjtu.edu.cn/centos/6.8/updates/i386/repodata/repomd.xml: [Errno 12] T            imeout on http://ftp.sjtu.edu.cn/centos/6.8/updates/i386/repodata/repomd.xml: (2            8, 'connect() timed out!')
Trying other mirror.
updates                                                  | 3.4 kB     00:00
updates/primary_db                                       | 4.6 MB     00:01
Setting up Install Process
Resolving Dependencies
--> Running transaction check
---> Package screen.i686 0:4.0.3-19.el6 will be installed
--> Finished Dependency Resolution

Dependencies Resolved

================================================================================
 Package          Arch           Version                   Repository      Size
================================================================================
Installing:
 screen           i686           4.0.3-19.el6              base           485 k

Transaction Summary
================================================================================
Install       1 Package(s)

Total download size: 485 k
Installed size: 783 k
Is this ok [y/N]: y
Downloading Packages:
screen-4.0.3-19.el6.i686.rpm                             | 485 kB     00:00
warning: rpmts_HdrFromFdno: Header V3 RSA/SHA1 Signature, key ID c105b9de: NOKEY
Retrieving key from file:///etc/pki/rpm-gpg/RPM-GPG-KEY-CentOS-6
Importing GPG key 0xC105B9DE:
 Userid : CentOS-6 Key (CentOS 6 Official Signing Key) <centos-6-key@centos.org>
 Package: centos-release-6-5.el6.centos.11.1.i686 (@anaconda-CentOS-201311271240            .i386/6.5)
 From   : /etc/pki/rpm-gpg/RPM-GPG-KEY-CentOS-6
Is this ok [y/N]: y
Running rpm_check_debug
Running Transaction Test
Transaction Test Succeeded
Running Transaction
  Installing : screen-4.0.3-19.el6.i686                                     1/1
  Verifying  : screen-4.0.3-19.el6.i686                                     1/1

Installed:
  screen.i686 0:4.0.3-19.el6

Complete!
[root@Cent65mini ~]# screen -S lnmp
  Installing : glibc-headers-2.12-1.192.el6.i686                         45/139
  Installing : glibc-devel-2.12-1.192.el6.i686                           46/139
  Installing : poppler-0.12.4-10.el6.i686                                47/139
  Installing : poppler-utils-0.12.4-10.el6.i686                          48/139
  Installing : libXfont-1.5.1-2.el6.i686                                 49/139
  Installing : 1:xorg-x11-font-utils-7.2-11.el6.i686                     50/139
  Installing : ghostscript-fonts-5.50-23.2.el6.noarch                    51/139
  Installing : urw-fonts-2.4-11.el6.noarch                               52/139
  Installing : xz-4.999.9-0.5.beta.20091007git.el6.i686                  53/139
  Installing : xz-lzma-compat-4.999.9-0.5.beta.20091007git.el6.i686      54/139
  Installing : man-1.6f-32.el6.i686                                      55/139
  Installing : cvs-1.11.23-16.el6.i686                                   56/139
  Installing : 1:libvorbis-1.2.3-4.el6_2.1.i686                          57/139
  Installing : 1:libtheora-1.1.0-2.el6.i686                              58/139
  Installing : 1:qt-sqlite-4.6.2-28.el6_5.i686                           59/139
  Installing : 1:dbus-1.2.24-8.el6_6.i686                                60/139
  Installing : gstreamer-tools-0.10.29-1.el6.i686                        61/139
  Installing : gstreamer-0.10.29-1.el6.i686                              62/139
  Installing : libgomp-4.4.7-17.el6.i686                                 63/139
  Installing : gettext-0.17-18.el6.i686                                  64/139
  Installing : bc-1.06.95-1.el6.i686                                     65/139
  Installing : pax-3.4-10.1.el6.i686                                     66/139
  Installing : tmpwatch-2.9.16-6.el6.i686                                67/139
  Installing : cdparanoia-libs-10.2-5.1.el6.i686                         68/139
  Installing : mailx-12.4-8.el6_6.i686                                   69/139
  Installing : libthai-0.1.12-3.el6.i686                                 70/139
  Installing : db4-cxx-4.7.25-20.el6_8.1.i686                            71/139
  Installing : db4-devel-4.7.25-20.el6_8.1.i686
  Installing : libX11-1.6.3-2.el6.i686                                   90/139
  Installing : libXext-1.3.3-1.el6.i686                                  91/139
  Installing : libXrender-0.9.8-2.1.el6_8.1.i686                         92/139
  Installing : cairo-1.8.8-6.el6_6.i686                                  93/139
  Installing : libXi-1.7.4-1.el6.i686                                    94/139
  Installing : libXfixes-5.0.1-2.1.el6.i686                              95/139
  Installing : libXcursor-1.1.14-2.1.el6.i686                            96/139
  Installing : libXft-2.3.2-1.el6.i686                                   97/139
  Installing : pango-1.28.1-11.el6.i686                                  98/139
  Installing : libXrandr-1.4.2-1.el6.i686                                99/139
  Installing : libXinerama-1.1.3-2.1.el6.i686                           100/139
  Installing : libXdamage-1.1.3-4.el6.i686                              101/139
  Installing : libXt-1.1.4-6.1.el6.i686                                 102/139
  Installing : ghostscript-8.70-21.el6_8.1.i686                         103/139
  Installing : gdk-pixbuf2-2.24.1-6.el6_7.i686                          104/139
  Installing : foomatic-4.0.4-5.el6_7.i686                              105/139
  Installing : qt3-3.3.8b-30.el6.i686                                   106/139
  Installing : libXtst-1.2.2-2.1.el6.i686                               107/139
  Installing : libXxf86vm-1.1.3-2.1.el6.i686                            108/139
  Installing : mesa-dri-drivers-11.0.7-4.el6.i686                       109/139
  Installing : mesa-libGL-11.0.7-4.el6.i686                             110/139
  Installing : mesa-dri1-drivers-7.11-8.el6.i686                        111/139
  Installing : mesa-libGLU-11.0.7-4.el6.i686                            112/139
  Installing : libXv-1.0.9-2.1.el6.i686                                 113/139
  Installing : libXcomposite-0.4.3-4.el6.i686                           114/139



